<div class="extbase-debugger extbase-debugger-inline"><div class="extbase-debugger-top">Extbase Variable Dump</div><div class="extbase-debugger-center"><pre dir="ltr">'<span class="extbase-debug-string">ÄÖÜ😂👩‍👩‍👦‍👦ÄÖÜ😂👩‍👩‍👦‍👦ÄÖÜ😂👩‍👩‍👦‍👦ÄÖÜ😂👩‍👩‍👦‍👦ÄÖÜ😂👩‍👩‍👦‍👦ÄÖÜ😂👩‍👩‍👦‍👦ÄÖÜ😂👩‍👩‍👦‍<br>&nbsp;&nbsp;&nbsp;👦ÄÖÜ😂👩‍👩‍👦‍👦ÄÖÜ😂👩‍👩‍👦‍👦ÄÖÜ😂👩‍👩‍👦‍👦ÄÖÜ😂👩‍👩‍👦‍👦ÄÖÜ😂👩‍👩‍👦‍👦ÄÖÜ😂👩‍👩‍👦‍👦ÄÖÜ😂👩‍👩‍👦<br>&nbsp;&nbsp;&nbsp;‍👦ÄÖÜ😂👩‍👩‍👦‍👦ÄÖÜ😂👩‍👩‍👦‍👦ÄÖÜ😂👩‍👩‍👦‍👦ÄÖÜ😂👩‍👩‍👦‍👦ÄÖÜ😂👩‍👩‍👦‍👦ÄÖÜ😂👩‍👩‍👦‍👦ÄÖÜ😂👩‍👩‍<br>&nbsp;&nbsp;&nbsp;👦‍👦ÄÖÜ😂👩‍👩‍👦‍👦ÄÖÜ😂👩‍👩‍👦‍👦ÄÖÜ😂👩‍👩‍👦‍👦ÄÖÜ😂👩‍👩‍👦‍👦ÄÖÜ😂👩‍👩‍👦‍👦ÄÖÜ😂👩‍👩‍👦‍👦ÄÖÜ😂👩‍👩<br>&nbsp;&nbsp;&nbsp;‍👦‍👦ÄÖÜ😂👩‍👩‍👦‍👦ÄÖÜ😂👩‍👩‍👦‍👦ÄÖÜ😂👩‍👩‍👦‍👦ÄÖÜ😂👩‍👩‍👦‍👦ÄÖÜ😂👩‍👩‍👦‍👦ÄÖÜ😂👩‍👩‍👦‍👦ÄÖÜ😂👩‍<br>&nbsp;&nbsp;&nbsp;👩‍👦‍👦ÄÖÜ😂👩‍👩‍👦‍👦ÄÖÜ😂👩‍👩‍👦‍👦ÄÖÜ😂👩‍👩‍👦‍👦ÄÖÜ😂👩‍👩‍👦‍👦ÄÖÜ😂👩‍👩‍👦‍👦ÄÖÜ😂👩‍👩‍👦‍👦ÄÖÜ😂👩<br>&nbsp;&nbsp;&nbsp;‍👩‍👦‍👦ÄÖÜ😂👩‍👩‍👦‍👦ÄÖÜ😂👩‍👩‍👦‍👦ÄÖÜ😂👩‍👩‍👦‍👦ÄÖÜ😂👩‍👩‍👦‍👦ÄÖÜ😂👩‍👩‍👦‍👦ÄÖÜ😂👩‍👩‍👦‍👦ÄÖÜ😂<br>&nbsp;&nbsp;&nbsp;👩‍👩‍👦‍👦ÄÖÜ😂👩‍👩‍👦‍👦ÄÖÜ😂👩‍👩‍👦‍👦ÄÖÜ😂👩‍👩‍👦‍👦ÄÖÜ😂👩‍👩‍👦‍👦ÄÖÜ😂👩‍👩‍👦‍👦ÄÖÜ😂👩‍👩‍👦‍👦ÄÖÜ<br>&nbsp;&nbsp;&nbsp;😂👩‍👩‍👦‍👦ÄÖÜ😂👩‍👩‍👦‍👦ÄÖÜ😂👩‍👩‍👦‍👦ÄÖÜ😂👩‍👩‍👦‍👦ÄÖÜ😂👩‍👩‍👦‍👦ÄÖÜ😂👩‍👩‍👦‍👦ÄÖÜ😂👩‍👩‍👦‍👦ÄÖ<br>&nbsp;&nbsp;&nbsp;Ü😂👩‍👩‍👦‍👦ÄÖÜ😂👩‍👩‍👦‍👦ÄÖÜ😂👩‍👩‍👦‍👦ÄÖÜ😂👩‍👩‍👦‍👦ÄÖÜ😂👩‍👩‍👦‍👦ÄÖÜ😂👩‍👩‍👦‍👦ÄÖÜ😂👩‍👩‍👦‍👦Ä<br>&nbsp;&nbsp;&nbsp;ÖÜ😂👩‍👩‍👦‍👦ÄÖÜ😂👩‍👩‍👦‍👦ÄÖÜ😂👩‍👩‍👦‍👦ÄÖÜ😂👩‍👩‍👦‍👦ÄÖÜ😂👩‍👩‍👦‍👦ÄÖÜ😂👩‍👩‍👦‍👦ÄÖÜ😂👩‍👩‍👦‍👦<br>&nbsp;&nbsp;&nbsp;ÄÖÜ😂👩‍👩‍👦‍👦ÄÖÜ😂👩‍👩‍👦‍👦ÄÖÜ😂👩‍👩‍👦‍👦ÄÖÜ😂👩‍👩‍👦‍👦ÄÖÜ😂👩‍👩‍👦‍👦ÄÖÜ😂👩‍👩‍👦‍👦ÄÖÜ😂👩‍👩‍👦‍<br>&nbsp;&nbsp;&nbsp;👦ÄÖÜ😂👩‍👩‍👦‍👦ÄÖÜ😂👩‍👩‍👦‍👦ÄÖÜ😂👩‍👩‍👦‍👦ÄÖÜ😂👩‍👩‍👦‍👦ÄÖÜ😂👩‍👩‍👦‍👦ÄÖÜ😂👩‍👩‍👦‍👦ÄÖÜ😂👩‍👩‍👦<br>&nbsp;&nbsp;&nbsp;‍👦ÄÖÜ😂👩‍👩‍👦‍👦ÄÖÜ😂👩‍👩‍👦‍👦ÄÖÜ😂👩‍👩‍👦‍👦ÄÖÜ😂👩‍👩‍👦‍👦ÄÖÜ😂👩‍👩‍👦‍👦ÄÖÜ😂👩‍👩‍👦‍👦ÄÖÜ😂👩‍👩‍<br>&nbsp;&nbsp;&nbsp;👦‍👦ÄÖÜ😂👩‍👩‍👦‍👦ÄÖÜ😂👩‍👩‍👦‍👦ÄÖÜ😂👩‍👩‍👦‍👦ÄÖÜ😂👩‍👩‍👦‍👦ÄÖÜ😂👩‍👩‍👦‍👦ÄÖÜ😂👩‍👩‍👦‍👦ÄÖÜ😂👩‍👩<br>&nbsp;&nbsp;&nbsp;‍👦‍👦ÄÖÜ😂👩‍👩‍👦‍👦ÄÖÜ😂👩‍👩‍👦‍👦ÄÖÜ😂👩‍👩‍👦‍👦ÄÖÜ😂👩‍👩‍👦‍👦ÄÖÜ😂👩‍👩‍👦‍👦ÄÖÜ😂👩‍👩‍👦‍👦ÄÖÜ😂👩‍<br>&nbsp;&nbsp;&nbsp;👩‍👦‍👦ÄÖÜ😂👩‍👩‍👦‍👦ÄÖÜ😂👩‍👩‍👦‍👦ÄÖÜ😂👩‍👩‍👦‍👦ÄÖÜ😂👩‍👩‍👦‍👦ÄÖÜ😂👩‍👩‍👦‍👦ÄÖÜ😂👩‍👩‍👦‍👦ÄÖÜ😂👩<br>&nbsp;&nbsp;&nbsp;‍👩‍👦‍👦ÄÖÜ😂👩‍👩‍👦‍👦ÄÖÜ😂👩‍👩‍👦‍👦ÄÖÜ😂👩‍👩‍👦‍👦ÄÖÜ😂👩‍👩‍👦‍👦ÄÖÜ😂👩‍👩‍👦‍👦ÄÖÜ😂👩‍👩‍👦‍👦ÄÖÜ😂<br>&nbsp;&nbsp;&nbsp;👩‍👩‍👦‍👦ÄÖÜ😂👩‍👩‍👦‍👦ÄÖÜ😂👩‍👩‍👦‍👦ÄÖÜ😂👩‍👩‍👦‍👦ÄÖÜ😂👩‍👩‍👦‍👦ÄÖÜ😂👩‍👩‍👦‍👦ÄÖÜ😂👩‍👩‍👦‍👦ÄÖÜ<br>&nbsp;&nbsp;&nbsp;😂👩‍👩‍👦‍👦ÄÖÜ😂👩‍👩‍👦‍👦ÄÖÜ😂👩‍👩‍👦‍👦ÄÖÜ😂👩‍👩‍👦‍👦ÄÖÜ😂👩‍👩‍👦‍👦ÄÖÜ😂👩‍👩‍👦‍👦ÄÖÜ😂👩‍👩‍👦‍👦ÄÖ<br>&nbsp;&nbsp;&nbsp;Ü😂👩‍👩‍👦‍👦ÄÖÜ😂👩‍👩‍👦‍👦ÄÖÜ😂👩‍👩‍👦‍👦ÄÖÜ😂👩‍👩‍👦‍👦ÄÖÜ😂👩‍👩‍👦‍👦ÄÖÜ😂👩‍👩‍👦‍👦ÄÖÜ😂👩‍👩‍👦‍👦Ä<br>&nbsp;&nbsp;&nbsp;ÖÜ😂👩‍👩‍👦‍👦ÄÖÜ😂👩‍👩‍👦‍👦ÄÖÜ😂👩‍👩‍👦‍👦ÄÖÜ😂👩‍👩‍👦‍👦ÄÖÜ😂👩‍👩‍👦‍👦ÄÖÜ😂👩‍👩‍👦‍👦ÄÖÜ😂👩‍👩‍👦‍👦<br>&nbsp;&nbsp;&nbsp;ÄÖÜ😂👩‍👩‍👦‍👦ÄÖÜ😂👩‍👩‍👦‍👦ÄÖÜ😂👩‍👩‍👦‍👦ÄÖÜ😂👩‍👩‍👦‍👦ÄÖÜ😂👩‍👩‍👦‍👦ÄÖÜ😂👩‍👩‍👦‍👦ÄÖÜ😂👩‍👩‍👦‍<br>&nbsp;&nbsp;&nbsp;👦ÄÖÜ😂👩‍👩‍👦‍👦ÄÖÜ😂👩‍👩‍👦‍👦ÄÖÜ😂👩‍👩‍👦‍👦ÄÖÜ😂👩‍👩‍👦‍👦ÄÖÜ😂👩‍👩‍👦‍👦ÄÖÜ😂👩‍👩‍👦‍👦ÄÖÜ😂👩‍👩‍👦<br>&nbsp;&nbsp;&nbsp;‍👦ÄÖÜ😂👩‍👩‍👦‍👦ÄÖÜ😂👩‍👩‍👦‍👦ÄÖÜ😂👩‍👩‍👦‍👦ÄÖÜ😂👩‍👩‍👦‍👦ÄÖÜ😂👩‍👩‍👦‍👦ÄÖÜ😂👩‍👩‍👦‍👦ÄÖÜ😂👩‍👩‍<br>&nbsp;&nbsp;&nbsp;👦‍👦ÄÖÜ😂👩‍👩‍👦‍👦ÄÖÜ😂👩‍👩‍👦‍👦ÄÖÜ😂👩‍👩‍👦‍👦ÄÖÜ😂👩‍👩‍👦‍👦ÄÖÜ😂👩‍👩‍👦‍👦ÄÖÜ😂👩‍👩‍👦‍👦ÄÖÜ😂👩‍👩<br>&nbsp;&nbsp;&nbsp;‍👦‍👦ÄÖÜ😂👩‍👩‍👦‍👦ÄÖÜ😂👩‍👩‍👦...</span>' (3707 chars)</pre></div></div>
