<div class="extbase-debugger extbase-debugger-inline"><div class="extbase-debugger-top">Extbase Variable Dump</div><div class="extbase-debugger-center"><pre dir="ltr">'<span class="extbase-debug-string">ÄÖÜÄÖÜÄÖÜÄÖÜÄÖÜÄÖÜÄÖÜÄÖÜÄÖÜÄÖÜÄÖÜÄÖÜÄÖÜÄÖÜÄÖÜÄÖÜÄÖÜÄÖÜÄÖÜÄÖÜÄÖÜÄÖÜÄÖÜÄÖÜÄÖÜÄ<br>&nbsp;&nbsp;&nbsp;ÖÜÄÖÜÄÖÜÄÖÜÄÖÜÄÖÜÄÖÜÄÖÜÄÖÜÄÖÜÄÖÜÄÖÜÄÖÜÄÖÜÄÖÜÄÖÜÄÖÜÄÖÜÄÖÜÄÖÜÄÖÜÄÖÜÄÖÜÄÖÜÄÖÜÄÖ<br>&nbsp;&nbsp;&nbsp;ÜÄÖÜÄÖÜÄÖÜÄÖÜÄÖÜÄÖÜÄÖÜÄÖÜÄÖÜÄÖÜÄÖÜÄÖÜÄÖÜÄÖÜÄÖÜÄÖÜÄÖÜÄÖÜÄÖÜÄÖÜÄÖÜÄÖÜÄÖÜÄÖÜÄÖÜ<br>&nbsp;&nbsp;&nbsp;ÄÖÜÄÖÜÄÖÜÄÖÜÄÖÜÄÖÜÄÖÜÄÖÜÄÖÜÄÖÜÄÖÜÄÖÜÄÖÜÄÖÜÄÖÜÄÖÜÄÖÜÄÖÜÄÖÜÄÖÜÄÖÜÄÖÜÄÖÜÄÖÜÄÖÜÄ<br>&nbsp;&nbsp;&nbsp;ÖÜÄÖÜÄÖÜÄÖÜÄÖÜÄÖÜÄÖÜÄÖÜÄÖÜÄÖÜÄÖÜÄÖÜÄÖÜÄÖÜÄÖÜÄÖÜÄÖÜÄÖÜÄÖÜÄÖÜÄÖÜÄÖÜÄÖÜÄÖÜÄÖÜÄÖ<br>&nbsp;&nbsp;&nbsp;ÜÄÖÜÄÖÜÄÖÜÄÖÜÄÖÜÄÖÜÄÖÜÄÖÜÄÖÜÄÖÜÄÖÜÄÖÜÄÖÜÄÖÜÄÖÜÄÖÜÄÖÜÄÖÜÄÖÜÄÖÜÄÖÜÄÖÜÄÖÜÄÖÜÄÖÜ<br>&nbsp;&nbsp;&nbsp;ÄÖÜÄÖÜÄÖÜÄÖÜÄÖÜÄÖÜÄÖÜÄÖÜÄÖÜÄÖÜÄÖÜÄÖÜÄÖÜÄÖÜÄÖÜÄÖÜÄÖÜÄÖÜÄÖÜÄÖÜÄÖÜÄÖÜÄÖÜÄÖÜÄÖÜÄ<br>&nbsp;&nbsp;&nbsp;ÖÜÄÖÜÄÖÜÄÖÜÄÖÜÄÖÜÄÖÜÄÖÜÄÖÜÄÖÜÄÖÜÄÖÜÄÖÜÄÖÜÄÖÜÄÖÜÄÖÜÄÖÜÄÖÜÄÖÜÄÖÜÄÖÜÄÖÜÄÖÜÄÖÜÄÖ<br>&nbsp;&nbsp;&nbsp;ÜÄÖÜÄÖÜÄÖÜÄÖÜÄÖÜÄÖÜÄÖÜÄÖÜÄÖÜÄÖÜÄÖÜÄÖÜÄÖÜÄÖÜÄÖÜÄÖÜÄÖÜÄÖÜÄÖÜÄÖÜÄÖÜÄÖÜÄÖÜÄÖÜÄÖÜ<br>&nbsp;&nbsp;&nbsp;ÄÖÜÄÖÜÄÖÜÄÖÜÄÖÜÄÖÜÄÖÜÄÖÜÄÖÜÄÖÜÄÖÜÄÖÜÄÖÜÄÖÜÄÖÜÄÖÜÄÖÜÄÖÜÄÖÜÄÖÜÄÖÜÄÖÜÄÖÜÄÖÜÄÖÜÄ<br>&nbsp;&nbsp;&nbsp;ÖÜÄÖÜÄÖÜÄÖÜÄÖÜÄÖÜÄÖÜÄÖÜÄÖÜÄÖÜÄÖÜÄÖÜÄÖÜÄÖÜÄÖÜÄÖÜÄÖÜÄÖÜÄÖÜÄÖÜÄÖÜÄÖÜÄÖÜÄÖÜÄÖÜÄÖ<br>&nbsp;&nbsp;&nbsp;ÜÄÖÜÄÖÜÄÖÜÄÖÜÄÖÜÄÖÜÄÖÜÄÖÜÄÖÜÄÖÜÄÖÜÄÖÜÄÖÜÄÖÜÄÖÜÄÖÜÄÖÜÄÖÜÄÖÜÄÖÜÄÖÜÄÖÜÄÖÜÄÖÜÄÖÜ<br>&nbsp;&nbsp;&nbsp;ÄÖÜÄÖÜÄÖÜÄÖÜÄÖÜÄÖÜÄÖÜÄÖÜÄÖÜÄÖÜÄÖÜÄÖÜÄÖÜÄÖÜÄÖÜÄÖÜÄÖÜÄÖÜÄÖÜÄÖÜÄÖÜÄÖÜÄÖÜÄÖÜÄÖÜÄ<br>&nbsp;&nbsp;&nbsp;ÖÜÄÖÜÄÖÜÄÖÜÄÖÜÄÖÜÄÖÜÄÖÜÄÖÜÄÖÜÄÖÜÄÖÜÄÖÜÄÖÜÄÖÜÄÖÜÄÖÜÄÖÜÄÖÜÄÖÜÄÖÜÄÖÜÄÖÜÄÖÜÄÖÜÄÖ<br>&nbsp;&nbsp;&nbsp;ÜÄÖÜÄÖÜÄÖÜÄÖÜÄÖÜÄÖÜÄÖÜÄÖÜÄÖÜÄÖÜÄÖÜÄÖÜÄÖÜÄÖÜÄÖÜÄÖÜÄÖÜÄÖÜÄÖÜÄÖÜÄÖÜÄÖÜÄÖÜÄÖÜÄÖÜ<br>&nbsp;&nbsp;&nbsp;ÄÖÜÄÖÜÄÖÜÄÖÜÄÖÜÄÖÜÄÖÜÄÖÜÄÖÜÄÖÜÄÖÜÄÖÜÄÖÜÄÖÜÄÖÜÄÖÜÄÖÜÄÖÜÄÖÜÄÖÜÄÖÜÄÖÜÄÖÜÄÖÜÄÖÜÄ<br>&nbsp;&nbsp;&nbsp;ÖÜÄÖÜÄÖÜÄÖÜÄÖÜÄÖÜÄÖÜÄÖÜÄÖÜÄÖÜÄÖÜÄÖÜÄÖÜÄÖÜÄÖÜÄÖÜÄÖÜÄÖÜÄÖÜÄÖÜÄÖÜÄÖÜÄÖÜÄÖÜÄÖÜÄÖ<br>&nbsp;&nbsp;&nbsp;ÜÄÖÜÄÖÜÄÖÜÄÖÜÄÖÜÄÖÜÄÖÜÄÖÜÄÖÜÄÖÜÄÖÜÄÖÜÄÖÜÄÖÜÄÖÜÄÖÜÄÖÜÄÖÜÄÖÜÄÖÜÄÖÜÄÖÜÄÖÜÄÖÜÄÖÜ<br>&nbsp;&nbsp;&nbsp;ÄÖÜÄÖÜÄÖÜÄÖÜÄÖÜÄÖÜÄÖÜÄÖÜÄÖÜÄÖÜÄÖÜÄÖÜÄÖÜÄÖÜÄÖÜÄÖÜÄÖÜÄÖÜÄÖÜÄÖÜÄÖÜÄÖÜÄÖÜÄÖÜÄÖÜÄ<br>&nbsp;&nbsp;&nbsp;ÖÜÄÖÜÄÖÜÄÖÜÄÖÜÄÖÜÄÖÜÄÖÜÄÖÜÄÖÜÄÖÜÄÖÜÄÖÜÄÖÜÄÖÜÄÖÜÄÖÜÄÖÜÄÖÜÄÖÜÄÖÜÄÖÜÄÖÜÄÖÜÄÖÜÄÖ<br>&nbsp;&nbsp;&nbsp;ÜÄÖÜÄÖÜÄÖÜÄÖÜÄÖÜÄÖÜÄÖÜÄÖÜÄÖÜÄÖÜÄÖÜÄÖÜÄÖÜÄÖÜÄÖÜÄÖÜÄÖÜÄÖÜÄÖÜÄÖÜÄÖÜÄÖÜÄÖÜÄÖÜÄÖÜ<br>&nbsp;&nbsp;&nbsp;ÄÖÜÄÖÜÄÖÜÄÖÜÄÖÜÄÖÜÄÖÜÄÖÜÄÖÜÄÖÜÄÖÜÄÖÜÄÖÜÄÖÜÄÖÜÄÖÜÄÖÜÄÖÜÄÖÜÄÖÜÄÖÜÄÖÜÄÖÜÄÖÜÄÖÜÄ<br>&nbsp;&nbsp;&nbsp;ÖÜÄÖÜÄÖÜÄÖÜÄÖÜÄÖÜÄÖÜÄÖÜÄÖÜÄÖÜÄÖÜÄÖÜÄÖÜÄÖÜÄÖÜÄÖÜÄÖÜÄÖÜÄÖÜÄÖÜÄÖÜÄÖÜÄÖÜÄÖÜÄÖÜÄÖ<br>&nbsp;&nbsp;&nbsp;ÜÄÖÜÄÖÜÄÖÜÄÖÜÄÖÜÄÖÜÄÖÜÄÖÜÄÖÜÄÖÜÄÖÜÄÖÜÄÖÜÄÖÜÄÖÜÄÖÜÄÖÜÄÖÜÄÖÜÄÖÜÄÖÜÄÖÜÄÖÜÄÖÜÄÖÜ<br>&nbsp;&nbsp;&nbsp;ÄÖÜÄÖÜÄÖÜÄÖÜÄÖÜÄÖÜÄÖÜÄÖÜÄÖÜÄÖÜÄÖÜÄÖÜÄÖÜÄÖÜÄÖÜÄÖÜÄÖÜÄÖÜÄÖÜÄÖÜÄÖÜÄÖÜÄÖÜÄÖÜÄÖÜÄ<br>&nbsp;&nbsp;&nbsp;ÖÜÄÖÜÄÖÜÄÖÜÄÖÜÄÖÜÄÖÜÄÖÜÄÖÜÄÖÜÄÖÜÄÖÜÄÖÜÄÖÜÄÖÜÄÖÜÄÖÜÄÖÜÄÖÜÄÖÜÄÖÜÄÖÜÄÖÜÄÖÜÄÖÜÄÖ<br>&nbsp;&nbsp;&nbsp;ÜÄÖÜÄÖÜÄÖÜÄÖÜÄÖÜÄÖÜÄÖÜÄÖ...</span>' (2007 chars)</pre></div></div>
