Extbase Variable Dump
"ÄÖÜÄÖÜÄÖÜÄÖÜÄÖÜÄÖÜÄÖÜÄÖÜÄÖÜÄÖÜÄÖÜÄÖÜÄÖÜÄÖÜÄÖÜÄÖÜÄÖÜÄÖÜÄÖÜÄÖÜÄÖÜÄÖÜÄÖÜÄÖÜÄÖÜÄ
   ÖÜÄÖÜÄÖÜÄÖÜÄÖÜÄÖÜÄÖÜÄÖÜÄÖÜÄÖÜÄÖÜÄÖÜÄÖÜÄÖÜÄÖÜÄÖÜÄÖÜÄÖÜÄÖÜÄÖÜÄÖÜÄÖÜÄÖÜÄÖÜÄÖÜÄÖ
   ÜÄÖÜÄÖÜÄÖÜÄÖÜÄÖÜÄÖÜÄÖÜÄÖÜÄÖÜÄÖÜÄÖÜÄÖÜÄÖÜÄÖÜÄÖÜÄÖÜÄÖÜÄÖÜÄÖÜÄÖÜÄÖÜÄÖÜÄÖÜÄÖÜÄÖÜ
   ÄÖÜÄÖÜÄÖÜÄÖÜÄÖÜÄÖÜÄÖÜÄÖÜÄÖÜÄÖÜÄÖÜÄÖÜÄÖÜÄÖÜÄÖÜÄÖÜÄÖÜÄÖÜÄÖÜÄÖÜÄÖÜÄÖÜÄÖÜÄÖÜÄÖÜÄ
   ÖÜÄÖÜÄÖÜÄÖÜÄÖÜÄÖÜÄÖÜÄÖÜÄÖÜÄÖÜÄÖÜÄÖÜÄÖÜÄÖÜÄÖÜÄÖÜÄÖÜÄÖÜÄÖÜÄÖÜÄÖÜÄÖÜÄÖÜÄÖÜÄÖÜÄÖ
   ÜÄÖÜÄÖÜÄÖÜÄÖÜÄÖÜÄÖÜÄÖÜÄÖÜÄÖÜÄÖÜÄÖÜÄÖÜÄÖÜÄÖÜÄÖÜÄÖÜÄÖÜÄÖÜÄÖÜÄÖÜÄÖÜÄÖÜÄÖÜÄÖÜÄÖÜ
   ÄÖÜÄÖÜÄÖÜÄÖÜÄÖÜÄÖÜÄÖÜÄÖÜÄÖÜÄÖÜÄÖÜÄÖÜÄÖÜÄÖÜÄÖÜÄÖÜÄÖÜÄÖÜÄÖÜÄÖÜÄÖÜÄÖÜÄÖÜÄÖÜÄÖÜÄ
   ÖÜÄÖÜÄÖÜÄÖÜÄÖÜÄÖÜÄÖÜÄÖÜÄÖÜÄÖÜÄÖÜÄÖÜÄÖÜÄÖÜÄÖÜÄÖÜÄÖÜÄÖÜÄÖÜÄÖÜÄÖÜÄÖÜÄÖÜÄÖÜÄÖÜÄÖ
   ÜÄÖÜÄÖÜÄÖÜÄÖÜÄÖÜÄÖÜÄÖÜÄÖÜÄÖÜÄÖÜÄÖÜÄÖÜÄÖÜÄÖÜÄÖÜÄÖÜÄÖÜÄÖÜÄÖÜÄÖÜÄÖÜÄÖÜÄÖÜÄÖÜÄÖÜ
   ÄÖÜÄÖÜÄÖÜÄÖÜÄÖÜÄÖÜÄÖÜÄÖÜÄÖÜÄÖÜÄÖÜÄÖÜÄÖÜÄÖÜÄÖÜÄÖÜÄÖÜÄÖÜÄÖÜÄÖÜÄÖÜÄÖÜÄÖÜÄÖÜÄÖÜÄ
   ÖÜÄÖÜÄÖÜÄÖÜÄÖÜÄÖÜÄÖÜÄÖÜÄÖÜÄÖÜÄÖÜÄÖÜÄÖÜÄÖÜÄÖÜÄÖÜÄÖÜÄÖÜÄÖÜÄÖÜÄÖÜÄÖÜÄÖÜÄÖÜÄÖÜÄÖ
   ÜÄÖÜÄÖÜÄÖÜÄÖÜÄÖÜÄÖÜÄÖÜÄÖÜÄÖÜÄÖÜÄÖÜÄÖÜÄÖÜÄÖÜÄÖÜÄÖÜÄÖÜÄÖÜÄÖÜÄÖÜÄÖÜÄÖÜÄÖÜÄÖÜÄÖÜ
   ÄÖÜÄÖÜÄÖÜÄÖÜÄÖÜÄÖÜÄÖÜÄÖÜÄÖÜÄÖÜÄÖÜÄÖÜÄÖÜÄÖÜÄÖÜÄÖÜÄÖÜÄÖÜÄÖÜÄÖÜÄÖÜÄÖÜÄÖÜÄÖÜÄÖÜÄ
   ÖÜÄÖÜÄÖÜÄÖÜÄÖÜÄÖÜÄÖÜÄÖÜÄÖÜÄÖÜÄÖÜÄÖÜÄÖÜÄÖÜÄÖÜÄÖÜÄÖÜÄÖÜÄÖÜÄÖÜÄÖÜÄÖÜÄÖÜÄÖÜÄÖÜÄÖ
   ÜÄÖÜÄÖÜÄÖÜÄÖÜÄÖÜÄÖÜÄÖÜÄÖÜÄÖÜÄÖÜÄÖÜÄÖÜÄÖÜÄÖÜÄÖÜÄÖÜÄÖÜÄÖÜÄÖÜÄÖÜÄÖÜÄÖÜÄÖÜÄÖÜÄÖÜ
   ÄÖÜÄÖÜÄÖÜÄÖÜÄÖÜÄÖÜÄÖÜÄÖÜÄÖÜÄÖÜÄÖÜÄÖÜÄÖÜÄÖÜÄÖÜÄÖÜÄÖÜÄÖÜÄÖÜÄÖÜÄÖÜÄÖÜÄÖÜÄÖÜÄÖÜÄ
   ÖÜÄÖÜÄÖÜÄÖÜÄÖÜÄÖÜÄÖÜÄÖÜÄÖÜÄÖÜÄÖÜÄÖÜÄÖÜÄÖÜÄÖÜÄÖÜÄÖÜÄÖÜÄÖÜÄÖÜÄÖÜÄÖÜÄÖÜÄÖÜÄÖÜÄÖ
   ÜÄÖÜÄÖÜÄÖÜÄÖÜÄÖÜÄÖÜÄÖÜÄÖÜÄÖÜÄÖÜÄÖÜÄÖÜÄÖÜÄÖÜÄÖÜÄÖÜÄÖÜÄÖÜÄÖÜÄÖÜÄÖÜÄÖÜÄÖÜÄÖÜÄÖÜ
   ÄÖÜÄÖÜÄÖÜÄÖÜÄÖÜÄÖÜÄÖÜÄÖÜÄÖÜÄÖÜÄÖÜÄÖÜÄÖÜÄÖÜÄÖÜÄÖÜÄÖÜÄÖÜÄÖÜÄÖÜÄÖÜÄÖÜÄÖÜÄÖÜÄÖÜÄ
   ÖÜÄÖÜÄÖÜÄÖÜÄÖÜÄÖÜÄÖÜÄÖÜÄÖÜÄÖÜÄÖÜÄÖÜÄÖÜÄÖÜÄÖÜÄÖÜÄÖÜÄÖÜÄÖÜÄÖÜÄÖÜÄÖÜÄÖÜÄÖÜÄÖÜÄÖ
   ÜÄÖÜÄÖÜÄÖÜÄÖÜÄÖÜÄÖÜÄÖÜÄÖÜÄÖÜÄÖÜÄÖÜÄÖÜÄÖÜÄÖÜÄÖÜÄÖÜÄÖÜÄÖÜÄÖÜÄÖÜÄÖÜÄÖÜÄÖÜÄÖÜÄÖÜ
   ÄÖÜÄÖÜÄÖÜÄÖÜÄÖÜÄÖÜÄÖÜÄÖÜÄÖÜÄÖÜÄÖÜÄÖÜÄÖÜÄÖÜÄÖÜÄÖÜÄÖÜÄÖÜÄÖÜÄÖÜÄÖÜÄÖÜÄÖÜÄÖÜÄÖÜÄ
   ÖÜÄÖÜÄÖÜÄÖÜÄÖÜÄÖÜÄÖÜÄÖÜÄÖÜÄÖÜÄÖÜÄÖÜÄÖÜÄÖÜÄÖÜÄÖÜÄÖÜÄÖÜÄÖÜÄÖÜÄÖÜÄÖÜÄÖÜÄÖÜÄÖÜÄÖ
   ÜÄÖÜÄÖÜÄÖÜÄÖÜÄÖÜÄÖÜÄÖÜÄÖÜÄÖÜÄÖÜÄÖÜÄÖÜÄÖÜÄÖÜÄÖÜÄÖÜÄÖÜÄÖÜÄÖÜÄÖÜÄÖÜÄÖÜÄÖÜÄÖÜÄÖÜ
   ÄÖÜÄÖÜÄÖÜÄÖÜÄÖÜÄÖÜÄÖÜÄÖÜÄÖÜÄÖÜÄÖÜÄÖÜÄÖÜÄÖÜÄÖÜÄÖÜÄÖÜÄÖÜÄÖÜÄÖÜÄÖÜÄÖÜÄÖÜÄÖÜÄÖÜÄ
   ÖÜÄÖÜÄÖÜÄÖÜÄÖÜÄÖÜÄÖÜÄÖÜÄÖÜÄÖÜÄÖÜÄÖÜÄÖÜÄÖÜÄÖÜÄÖÜÄÖÜÄÖÜÄÖÜÄÖÜÄÖÜÄÖÜÄÖÜÄÖÜÄÖÜÄÖ
   ÜÄÖÜÄÖÜÄÖÜÄÖÜÄÖÜÄÖÜÄÖÜÄÖ..." (2007 chars)

