Extbase Variable Dump
"ÄÖÜ😂👩‍👩‍👦‍👦ÄÖÜ😂👩‍👩‍👦‍👦ÄÖÜ😂👩‍👩‍👦‍👦ÄÖÜ😂👩‍👩‍👦‍👦ÄÖÜ😂👩‍👩‍👦‍👦ÄÖÜ😂👩‍👩‍👦‍👦ÄÖÜ😂👩‍👩‍👦‍
   👦ÄÖÜ😂👩‍👩‍👦‍👦ÄÖÜ😂👩‍👩‍👦‍👦ÄÖÜ😂👩‍👩‍👦‍👦ÄÖÜ😂👩‍👩‍👦‍👦ÄÖÜ😂👩‍👩‍👦‍👦ÄÖÜ😂👩‍👩‍👦‍👦ÄÖÜ😂👩‍👩‍👦
   ‍👦ÄÖÜ😂👩‍👩‍👦‍👦ÄÖÜ😂👩‍👩‍👦‍👦ÄÖÜ😂👩‍👩‍👦‍👦ÄÖÜ😂👩‍👩‍👦‍👦ÄÖÜ😂👩‍👩‍👦‍👦ÄÖÜ😂👩‍👩‍👦‍👦ÄÖÜ😂👩‍👩‍
   👦‍👦ÄÖÜ😂👩‍👩‍👦‍👦ÄÖÜ😂👩‍👩‍👦‍👦ÄÖÜ😂👩‍👩‍👦‍👦ÄÖÜ😂👩‍👩‍👦‍👦ÄÖÜ😂👩‍👩‍👦‍👦ÄÖÜ😂👩‍👩‍👦‍👦ÄÖÜ😂👩‍👩
   ‍👦‍👦ÄÖÜ😂👩‍👩‍👦‍👦ÄÖÜ😂👩‍👩‍👦‍👦ÄÖÜ😂👩‍👩‍👦‍👦ÄÖÜ😂👩‍👩‍👦‍👦ÄÖÜ😂👩‍👩‍👦‍👦ÄÖÜ😂👩‍👩‍👦‍👦ÄÖÜ😂👩‍
   👩‍👦‍👦ÄÖÜ😂👩‍👩‍👦‍👦ÄÖÜ😂👩‍👩‍👦‍👦ÄÖÜ😂👩‍👩‍👦‍👦ÄÖÜ😂👩‍👩‍👦‍👦ÄÖÜ😂👩‍👩‍👦‍👦ÄÖÜ😂👩‍👩‍👦‍👦ÄÖÜ😂👩
   ‍👩‍👦‍👦ÄÖÜ😂👩‍👩‍👦‍👦ÄÖÜ😂👩‍👩‍👦‍👦ÄÖÜ😂👩‍👩‍👦‍👦ÄÖÜ😂👩‍👩‍👦‍👦ÄÖÜ😂👩‍👩‍👦‍👦ÄÖÜ😂👩‍👩‍👦‍👦ÄÖÜ😂
   👩‍👩‍👦‍👦ÄÖÜ😂👩‍👩‍👦‍👦ÄÖÜ😂👩‍👩‍👦‍👦ÄÖÜ😂👩‍👩‍👦‍👦ÄÖÜ😂👩‍👩‍👦‍👦ÄÖÜ😂👩‍👩‍👦‍👦ÄÖÜ😂👩‍👩‍👦‍👦ÄÖÜ
   😂👩‍👩‍👦‍👦ÄÖÜ😂👩‍👩‍👦‍👦ÄÖÜ😂👩‍👩‍👦‍👦ÄÖÜ😂👩‍👩‍👦‍👦ÄÖÜ😂👩‍👩‍👦‍👦ÄÖÜ😂👩‍👩‍👦‍👦ÄÖÜ😂👩‍👩‍👦‍👦ÄÖ
   Ü😂👩‍👩‍👦‍👦ÄÖÜ😂👩‍👩‍👦‍👦ÄÖÜ😂👩‍👩‍👦‍👦ÄÖÜ😂👩‍👩‍👦‍👦ÄÖÜ😂👩‍👩‍👦‍👦ÄÖÜ😂👩‍👩‍👦‍👦ÄÖÜ😂👩‍👩‍👦‍👦Ä
   ÖÜ😂👩‍👩‍👦‍👦ÄÖÜ😂👩‍👩‍👦‍👦ÄÖÜ😂👩‍👩‍👦‍👦ÄÖÜ😂👩‍👩‍👦‍👦ÄÖÜ😂👩‍👩‍👦‍👦ÄÖÜ😂👩‍👩‍👦‍👦ÄÖÜ😂👩‍👩‍👦‍👦
   ÄÖÜ😂👩‍👩‍👦‍👦ÄÖÜ😂👩‍👩‍👦‍👦ÄÖÜ😂👩‍👩‍👦‍👦ÄÖÜ😂👩‍👩‍👦‍👦ÄÖÜ😂👩‍👩‍👦‍👦ÄÖÜ😂👩‍👩‍👦‍👦ÄÖÜ😂👩‍👩‍👦‍
   👦ÄÖÜ😂👩‍👩‍👦‍👦ÄÖÜ😂👩‍👩‍👦‍👦ÄÖÜ😂👩‍👩‍👦‍👦ÄÖÜ😂👩‍👩‍👦‍👦ÄÖÜ😂👩‍👩‍👦‍👦ÄÖÜ😂👩‍👩‍👦‍👦ÄÖÜ😂👩‍👩‍👦
   ‍👦ÄÖÜ😂👩‍👩‍👦‍👦ÄÖÜ😂👩‍👩‍👦‍👦ÄÖÜ😂👩‍👩‍👦‍👦ÄÖÜ😂👩‍👩‍👦‍👦ÄÖÜ😂👩‍👩‍👦‍👦ÄÖÜ😂👩‍👩‍👦‍👦ÄÖÜ😂👩‍👩‍
   👦‍👦ÄÖÜ😂👩‍👩‍👦‍👦ÄÖÜ😂👩‍👩‍👦‍👦ÄÖÜ😂👩‍👩‍👦‍👦ÄÖÜ😂👩‍👩‍👦‍👦ÄÖÜ😂👩‍👩‍👦‍👦ÄÖÜ😂👩‍👩‍👦‍👦ÄÖÜ😂👩‍👩
   ‍👦‍👦ÄÖÜ😂👩‍👩‍👦‍👦ÄÖÜ😂👩‍👩‍👦‍👦ÄÖÜ😂👩‍👩‍👦‍👦ÄÖÜ😂👩‍👩‍👦‍👦ÄÖÜ😂👩‍👩‍👦‍👦ÄÖÜ😂👩‍👩‍👦‍👦ÄÖÜ😂👩‍
   👩‍👦‍👦ÄÖÜ😂👩‍👩‍👦‍👦ÄÖÜ😂👩‍👩‍👦‍👦ÄÖÜ😂👩‍👩‍👦‍👦ÄÖÜ😂👩‍👩‍👦‍👦ÄÖÜ😂👩‍👩‍👦‍👦ÄÖÜ😂👩‍👩‍👦‍👦ÄÖÜ😂👩
   ‍👩‍👦‍👦ÄÖÜ😂👩‍👩‍👦‍👦ÄÖÜ😂👩‍👩‍👦‍👦ÄÖÜ😂👩‍👩‍👦‍👦ÄÖÜ😂👩‍👩‍👦‍👦ÄÖÜ😂👩‍👩‍👦‍👦ÄÖÜ😂👩‍👩‍👦‍👦ÄÖÜ😂
   👩‍👩‍👦‍👦ÄÖÜ😂👩‍👩‍👦‍👦ÄÖÜ😂👩‍👩‍👦‍👦ÄÖÜ😂👩‍👩‍👦‍👦ÄÖÜ😂👩‍👩‍👦‍👦ÄÖÜ😂👩‍👩‍👦‍👦ÄÖÜ😂👩‍👩‍👦‍👦ÄÖÜ
   😂👩‍👩‍👦‍👦ÄÖÜ😂👩‍👩‍👦‍👦ÄÖÜ😂👩‍👩‍👦‍👦ÄÖÜ😂👩‍👩‍👦‍👦ÄÖÜ😂👩‍👩‍👦‍👦ÄÖÜ😂👩‍👩‍👦‍👦ÄÖÜ😂👩‍👩‍👦‍👦ÄÖ
   Ü😂👩‍👩‍👦‍👦ÄÖÜ😂👩‍👩‍👦‍👦ÄÖÜ😂👩‍👩‍👦‍👦ÄÖÜ😂👩‍👩‍👦‍👦ÄÖÜ😂👩‍👩‍👦‍👦ÄÖÜ😂👩‍👩‍👦‍👦ÄÖÜ😂👩‍👩‍👦‍👦Ä
   ÖÜ😂👩‍👩‍👦‍👦ÄÖÜ😂👩‍👩‍👦‍👦ÄÖÜ😂👩‍👩‍👦‍👦ÄÖÜ😂👩‍👩‍👦‍👦ÄÖÜ😂👩‍👩‍👦‍👦ÄÖÜ😂👩‍👩‍👦‍👦ÄÖÜ😂👩‍👩‍👦‍👦
   ÄÖÜ😂👩‍👩‍👦‍👦ÄÖÜ😂👩‍👩‍👦‍👦ÄÖÜ😂👩‍👩‍👦‍👦ÄÖÜ😂👩‍👩‍👦‍👦ÄÖÜ😂👩‍👩‍👦‍👦ÄÖÜ😂👩‍👩‍👦‍👦ÄÖÜ😂👩‍👩‍👦‍
   👦ÄÖÜ😂👩‍👩‍👦‍👦ÄÖÜ😂👩‍👩‍👦‍👦ÄÖÜ😂👩‍👩‍👦‍👦ÄÖÜ😂👩‍👩‍👦‍👦ÄÖÜ😂👩‍👩‍👦‍👦ÄÖÜ😂👩‍👩‍👦‍👦ÄÖÜ😂👩‍👩‍👦
   ‍👦ÄÖÜ😂👩‍👩‍👦‍👦ÄÖÜ😂👩‍👩‍👦‍👦ÄÖÜ😂👩‍👩‍👦‍👦ÄÖÜ😂👩‍👩‍👦‍👦ÄÖÜ😂👩‍👩‍👦‍👦ÄÖÜ😂👩‍👩‍👦‍👦ÄÖÜ😂👩‍👩‍
   👦‍👦ÄÖÜ😂👩‍👩‍👦‍👦ÄÖÜ😂👩‍👩‍👦‍👦ÄÖÜ😂👩‍👩‍👦‍👦ÄÖÜ😂👩‍👩‍👦‍👦ÄÖÜ😂👩‍👩‍👦‍👦ÄÖÜ😂👩‍👩‍👦‍👦ÄÖÜ😂👩‍👩
   ‍👦‍👦ÄÖÜ😂👩‍👩‍👦‍👦ÄÖÜ😂👩‍👩‍👦..." (3707 chars)

